AREA .  .ABS.
	RADIX HEX
	BASE 0000
	SIZE 0000
	ATTRIB ABS OVR
	GLOBALS
		l__HEAP	0000
		l__BSEG	0000
		l_.  .ABS.	0000
		l__GSFINAL	0000
		l__ISEG	0000
		s_.  .ABS.	0000
		s__HEADER	0000
		l__XSEG	0000
		.init	0000
		l__OVERLAY	0000
		l__LIT	0000
		l__GSINITTAIL	0001
		l__BSS	005C
		l__GSINIT	00BA
		l__DATA	00ED
		l__BASE	01A3
		l__HOME	01D3
		l__HEADER	01E1
		s__CODE	0200
		l__CODE	3D9D
		s__HOME	3F9D
		s__BASE	4170
		s__LIT	4313
		s__GSINIT	4313
		s__GSINITTAIL	43CD
		s__GSFINAL	43CE
		.OAM	C000
		s__DATA	C0A0
		s__BSS	C18D
		s__HEAP	C1E9
		s__BSEG	C1E9
		s__ISEG	C1E9
		s__XSEG	C1E9
		s__OVERLAY	C1E9
		.STACK	E000
		.refresh_OAM	FF80
AREA _CODE
	RADIX HEX
	BASE 0200
	SIZE 3D9D
	ATTRIB REL CON
	GLOBALS
		_abs	0200
		_alpha	0239
		_blank_screen	0539
		_numbers	06A1
		_paddle_sprite_data	06AB
		_small_ball_sprite_data	06EB
		_smile_sprite_data	072B
		_death_sprite_data	076B
		_block_sprite_data	07AB
		_codysad_tiledata	07EB
		_codysad_tilemap	14FB
		_codysplash_tiledata	15CB
		_codysplash_tilemap	2C5B
		_render_background	2DC3
		_block_map	2DE2
		_INITIAL_LIVES	2E72
		_framerate	2E74
		_paddle_sprite_left	2E76
		_paddle_sprite_right	2E78
		_paddle_speed	2E7A
		_ball_sprite	2E7C
		_ball_speed	2E7E
		_lives_sprite_begin	2E80
		_render_sad_cody	2E82
		_render_splash	2EBF
		_set_paddle	2EFC
		_set_ball	2F88
		_set_lives	301B
		_set_blocks	31E6
		_end_splash	34C5
		_input	34E3
		_physics	35CD
		_collide	36CC
		_move	3A6F
		_score	3AB3
		_render_score	3B5D
		_run	3DAC
		_main	3E32
		__divschar_rrx_s	3E53
		__divschar_rrx_hds	3E5A
		__modschar_rrx_s	3E61
		__modschar_rrx_hds	3E68
		__divsint_rrx_s	3E6D
		__divsint_rrx_hds	3E79
		__modsint_rrx_s	3E81
		__modsint_rrx_hds	3E8D
		__divuchar_rrx_s	3E93
		__divuchar_rrx_hds	3E9A
		__moduchar_rrx_s	3EA1
		__moduchar_rrx_hds	3EA8
		__divuint_rrx_s	3EAD
		__divuint_rrx_hds	3EB9
		__moduint_rrx_s	3EC1
		__moduint_rrx_hds	3ECD
		.mod8	3ED3
		.div8	3ED3
		.mod16	3EDB
		.div16	3EDB
		.modu8	3F15
		.divu8	3F15
		.modu16	3F18
		.divu16	3F18
		__mulschar_rrx_s	3F55
		__mulschar_rrx_hds	3F5C
		__muluchar_rrx_s	3F68
		__mulsint_rrx_s	3F75
		__muluint_rrx_s	3F75
		__mulsint_rrx_hds	3F81
		__muluint_rrx_hds	3F81
		__muluchar_rrx_hds	3F81
AREA _HEADER
	RADIX HEX
	BASE 0000
	SIZE 01E1
	ATTRIB ABS OVR
	GLOBALS
		_exit	01D2
AREA _HOME
	RADIX HEX
	BASE 3F9D
	SIZE 01D3
	ATTRIB REL CON
	GLOBALS
		.set_mode	3F9D
		.remove_VBL	3FAD
		.remove_LCD	3FB3
		.remove_TIM	3FB9
		.remove_SIO	3FBF
		.remove_JOY	3FC5
		.add_VBL	3FCB
		.add_LCD	3FD1
		.add_TIM	3FD7
		.add_SIO	3FDD
		.add_JOY	3FE3
		.remove_int	3FE9
		.add_int	4009
		.wait_vbl_done	4025
		_wait_vbl_done	4025
		_display_off	403C
		.display_off	403C
		.serial_IO	405D
		_mode	408C
		_get_mode	4095
		_enable_interrupts	409A
		_disable_interrupts	409C
		_reset	409E
		.reset	409E
		_set_interrupts	40A4
		_remove_VBL	40AF
		_remove_LCD	40BA
		_remove_TIM	40C5
		_remove_SIO	40D0
		_remove_JOY	40DB
		_add_VBL	40E6
		_add_LCD	40F1
		_add_TIM	40FC
		_add_SIO	4107
		_add_JOY	4112
		_clock	411D
		__printTStates	4126
		banked_call	4127
		banked_ret	4140
		__initrleblock	4149
AREA _BASE
	RADIX HEX
	BASE 4170
	SIZE 01A3
	ATTRIB REL CON
	GLOBALS
		.mv_sprite	4170
		_move_sprite	417F
		_set_win_data	418C
		_set_bkg_data	418C
		_set_sprite_data	41D9
		.padup	4208
		_waitpadup	4208
		.jpad	4218
		.wait_pad	4245
		_joypad	424C
		_waitpad	4251
		.set_sprite_tile	425B
		_set_sprite_tile	4268
		.copy_vram	4273
		_get_data	4282
		_set_data	4282
		_set_bkg_tiles	4295
		.set_xy_wtt	42A9
		.set_xy_btt	42BA
		.set_xy_tt	42C9
		_set_tiles	42FA
AREA _LIT
	RADIX HEX
	BASE 4313
	SIZE 0000
	ATTRIB REL CON
AREA _GSINIT
	RADIX HEX
	BASE 4313
	SIZE 00BA
	ATTRIB REL CON
	GLOBALS
		gsinit	4313
AREA _GSINITTAIL
	RADIX HEX
	BASE 43CD
	SIZE 0001
	ATTRIB REL CON
AREA _GSFINAL
	RADIX HEX
	BASE 43CE
	SIZE 0000
	ATTRIB REL CON
AREA _DATA
	RADIX HEX
	BASE C0A0
	SIZE 00ED
	ATTRIB REL CON
	GLOBALS
		_SCREEN_WIDTH	C0A0
		_SCREEN_HEIGHT	C0A2
		_SPRITE_SIZE	C0A4
		_BALL_SIZE	C0A6
		_key	C0A8
		_lives	C0A9
		_game_started	C0AB
		_splash_over	C0AD
		_game_over	C0AF
		_current_level	C0B1
		_paddle_x	C0B3
		_paddle_y	C0B4
		_paddle_vel_x	C0B5
		_paddle_vel_y	C0B6
		_ball_x	C0B7
		_ball_y	C0B8
		_ball_vel_x	C0B9
		_ball_vel_y	C0BA
		_vertical_paddle_movement	C0BB
		_game_score	C0BD
		_frames	C0BF
		_seconds	C0C1
		_temp_seconds	C0C3
		_block_sprites	C0C5
		_score_array	C155
		_game_over_message_array	C159
AREA _BSS
	RADIX HEX
	BASE C18D
	SIZE 005C
	ATTRIB REL CON
	GLOBALS
		__cpu	C18D
		.mode	C18E
		__io_out	C18F
		__io_in	C190
		__io_status	C191
		.vbl_done	C192
		__current_bank	C193
		_sys_time	C194
		.sys_time	C194
		.int_0x40	C196
		.int_0x48	C1A6
		.int_0x50	C1B6
		.int_0x58	C1C6
		.int_0x60	C1D6
AREA _HEAP
	RADIX HEX
	BASE C1E9
	SIZE 0000
	ATTRIB REL CON
	GLOBALS
		_malloc_heap_start	C1E9
AREA _OVERLAY
	RADIX HEX
	BASE C1E9
	SIZE 0000
	ATTRIB REL CON
AREA _ISEG
	RADIX HEX
	BASE C1E9
	SIZE 0000
	ATTRIB REL CON
AREA _BSEG
	RADIX HEX
	BASE C1E9
	SIZE 0000
	ATTRIB REL CON
AREA _XSEG
	RADIX HEX
	BASE C1E9
	SIZE 0000
	ATTRIB REL CON
MODULES
	FILE /opt/gbdk/lib/small/asxxxx/gb/crt0.o
		NAME Runtime
	FILE bustout.o
		NAME lcc851670
LIBRARIES
	LIBRARY /opt/gbdk/lib/small/asxxxx/gbz80/gbz80.lib
		MODULE crt0_rle.o
	LIBRARY /opt/gbdk/lib/small/asxxxx/gbz80/gbz80.lib
		MODULE div.o
	LIBRARY /opt/gbdk/lib/small/asxxxx/gb/gb.lib
		MODULE mv_spr.o
	LIBRARY /opt/gbdk/lib/small/asxxxx/gbz80/gbz80.lib
		MODULE mul.o
	LIBRARY /opt/gbdk/lib/small/asxxxx/gb/gb.lib
		MODULE set_data.o
	LIBRARY /opt/gbdk/lib/small/asxxxx/gb/gb.lib
		MODULE pad.o
	LIBRARY /opt/gbdk/lib/small/asxxxx/gb/gb.lib
		MODULE set_spr.o
	LIBRARY /opt/gbdk/lib/small/asxxxx/gb/gb.lib
		MODULE cpy_data.o
	LIBRARY /opt/gbdk/lib/small/asxxxx/gb/gb.lib
		MODULE set_bk_t.o
	LIBRARY /opt/gbdk/lib/small/asxxxx/gb/gb.lib
		MODULE set_xy_t.o
USERBASEDEF
	_CODE=0x0200
	_DATA=0xC0A0
	_CODE_1=0x4000
USERGLOBALDEF
	.OAM=0xC000
	.STACK=0xE000
	.refresh_OAM=0xFF80
	.init=0x0000
