AREA .  .ABS.
	RADIX HEX
	BASE 0000
	SIZE 0000
	ATTRIB ABS OVR
	GLOBALS
		l__HEAP	0000
		l__BSEG	0000
		l_.  .ABS.	0000
		l__GSFINAL	0000
		l__ISEG	0000
		s_.  .ABS.	0000
		s__HEADER	0000
		l__XSEG	0000
		.init	0000
		l__OVERLAY	0000
		l__LIT	0000
		l__GSINITTAIL	0001
		l__DATA	001D
		l__BSS	0059
		l__GSINIT	0076
		l__BASE	01A3
		l__HOME	01D3
		l__HEADER	01E1
		s__CODE	0200
		l__CODE	0AED
		s__HOME	0CED
		s__BASE	0EC0
		s__LIT	1063
		s__GSINIT	1063
		s__GSINITTAIL	10D9
		s__GSFINAL	10DA
		.OAM	C000
		s__DATA	C0A0
		s__BSS	C0BD
		s__HEAP	C116
		s__BSEG	C116
		s__ISEG	C116
		s__XSEG	C116
		s__OVERLAY	C116
		.STACK	E000
		.refresh_OAM	FF80
AREA _CODE
	RADIX HEX
	BASE 0200
	SIZE 0AED
	ATTRIB REL CON
	GLOBALS
		_render_background	0200
		_alpha	021F
		_blank_screen	051F
		_numbers	0687
		_goop_neutral_sprite_data	0691
		_goop_left_sprite_data	06D1
		_goop_right_sprite_data	0711
		_goop_top_sprite_data	0751
		_goop_bottom_sprite_data	0791
		_FRAME_RATE	07D1
		_INITIAL_LIVES	07D3
		_disable_momentum	07D5
		_goop_sprites	07D7
		_goop_speed	07DB
		_set_goop_sprite	07DD
		_update_sprites	084B
		_init_goop	084F
		_input	0945
		_physics	0A23
		_collide	0AAB
		_move	0B81
		_state_game_init	0C0A
		_run	0C30
		_main	0CCC
AREA _HEADER
	RADIX HEX
	BASE 0000
	SIZE 01E1
	ATTRIB ABS OVR
	GLOBALS
		_exit	01D2
AREA _HOME
	RADIX HEX
	BASE 0CED
	SIZE 01D3
	ATTRIB REL CON
	GLOBALS
		.set_mode	0CED
		.remove_VBL	0CFD
		.remove_LCD	0D03
		.remove_TIM	0D09
		.remove_SIO	0D0F
		.remove_JOY	0D15
		.add_VBL	0D1B
		.add_LCD	0D21
		.add_TIM	0D27
		.add_SIO	0D2D
		.add_JOY	0D33
		.remove_int	0D39
		.add_int	0D59
		.wait_vbl_done	0D75
		_wait_vbl_done	0D75
		_display_off	0D8C
		.display_off	0D8C
		.serial_IO	0DAD
		_mode	0DDC
		_get_mode	0DE5
		_enable_interrupts	0DEA
		_disable_interrupts	0DEC
		_reset	0DEE
		.reset	0DEE
		_set_interrupts	0DF4
		_remove_VBL	0DFF
		_remove_LCD	0E0A
		_remove_TIM	0E15
		_remove_SIO	0E20
		_remove_JOY	0E2B
		_add_VBL	0E36
		_add_LCD	0E41
		_add_TIM	0E4C
		_add_SIO	0E57
		_add_JOY	0E62
		_clock	0E6D
		__printTStates	0E76
		banked_call	0E77
		banked_ret	0E90
		__initrleblock	0E99
AREA _BASE
	RADIX HEX
	BASE 0EC0
	SIZE 01A3
	ATTRIB REL CON
	GLOBALS
		.mv_sprite	0EC0
		_move_sprite	0ECF
		_set_win_data	0EDC
		_set_bkg_data	0EDC
		_set_sprite_data	0F29
		.padup	0F58
		_waitpadup	0F58
		.jpad	0F68
		.wait_pad	0F95
		_joypad	0F9C
		_waitpad	0FA1
		.set_sprite_tile	0FAB
		_set_sprite_tile	0FB8
		.copy_vram	0FC3
		_get_data	0FD2
		_set_data	0FD2
		_set_bkg_tiles	0FE5
		.set_xy_wtt	0FF9
		.set_xy_btt	100A
		.set_xy_tt	1019
		_set_tiles	104A
AREA _LIT
	RADIX HEX
	BASE 1063
	SIZE 0000
	ATTRIB REL CON
AREA _GSINIT
	RADIX HEX
	BASE 1063
	SIZE 0076
	ATTRIB REL CON
	GLOBALS
		gsinit	1063
AREA _GSINITTAIL
	RADIX HEX
	BASE 10D9
	SIZE 0001
	ATTRIB REL CON
AREA _GSFINAL
	RADIX HEX
	BASE 10DA
	SIZE 0000
	ATTRIB REL CON
AREA _DATA
	RADIX HEX
	BASE C0A0
	SIZE 001D
	ATTRIB REL CON
	GLOBALS
		_SCREEN_WIDTH	C0A0
		_SCREEN_HEIGHT	C0A2
		_SPRITE_SIZE	C0A4
		_key	C0A6
		_lives	C0A7
		_game_started	C0A9
		_game_over	C0AB
		_frames	C0AD
		_seconds	C0AF
		_left_wall_occupied	C0B1
		_right_wall_occupied	C0B3
		_top_wall_occupied	C0B5
		_bottom_wall_occupied	C0B7
		_goop_coords	C0B9
		_goop_vel	C0BB
AREA _BSS
	RADIX HEX
	BASE C0BD
	SIZE 0059
	ATTRIB REL CON
	GLOBALS
		__cpu	C0BD
		.mode	C0BE
		__io_out	C0BF
		__io_in	C0C0
		__io_status	C0C1
		.vbl_done	C0C2
		__current_bank	C0C3
		_sys_time	C0C4
		.sys_time	C0C4
		.int_0x40	C0C6
		.int_0x48	C0D6
		.int_0x50	C0E6
		.int_0x58	C0F6
		.int_0x60	C106
AREA _HEAP
	RADIX HEX
	BASE C116
	SIZE 0000
	ATTRIB REL CON
	GLOBALS
		_malloc_heap_start	C116
AREA _OVERLAY
	RADIX HEX
	BASE C116
	SIZE 0000
	ATTRIB REL CON
AREA _ISEG
	RADIX HEX
	BASE C116
	SIZE 0000
	ATTRIB REL CON
AREA _BSEG
	RADIX HEX
	BASE C116
	SIZE 0000
	ATTRIB REL CON
AREA _XSEG
	RADIX HEX
	BASE C116
	SIZE 0000
	ATTRIB REL CON
MODULES
	FILE /opt/gbdk/lib/small/asxxxx/gb/crt0.o
		NAME Runtime
	FILE goop.o
		NAME lcc103790
LIBRARIES
	LIBRARY /opt/gbdk/lib/small/asxxxx/gbz80/gbz80.lib
		MODULE crt0_rle.o
	LIBRARY /opt/gbdk/lib/small/asxxxx/gb/gb.lib
		MODULE mv_spr.o
	LIBRARY /opt/gbdk/lib/small/asxxxx/gb/gb.lib
		MODULE set_data.o
	LIBRARY /opt/gbdk/lib/small/asxxxx/gb/gb.lib
		MODULE pad.o
	LIBRARY /opt/gbdk/lib/small/asxxxx/gb/gb.lib
		MODULE set_spr.o
	LIBRARY /opt/gbdk/lib/small/asxxxx/gb/gb.lib
		MODULE cpy_data.o
	LIBRARY /opt/gbdk/lib/small/asxxxx/gb/gb.lib
		MODULE set_bk_t.o
	LIBRARY /opt/gbdk/lib/small/asxxxx/gb/gb.lib
		MODULE set_xy_t.o
USERBASEDEF
	_CODE=0x0200
	_DATA=0xC0A0
	_CODE_1=0x4000
USERGLOBALDEF
	.OAM=0xC000
	.STACK=0xE000
	.refresh_OAM=0xFF80
	.init=0x0000
