AREA .  .ABS.
	RADIX HEX
	BASE 0000
	SIZE 0000
	ATTRIB ABS OVR
	GLOBALS
		l__HEAP	0000
		l__BSEG	0000
		l_.  .ABS.	0000
		l__GSFINAL	0000
		l__ISEG	0000
		s_.  .ABS.	0000
		s__HEADER	0000
		l__XSEG	0000
		.init	0000
		l__OVERLAY	0000
		l__LIT	0000
		l__GSINITTAIL	0001
		l__DATA	001D
		l__BSS	005C
		l__GSINIT	0072
		l__BASE	01A3
		l__HOME	01D3
		l__HEADER	01E1
		s__CODE	0200
		l__CODE	0A87
		s__HOME	0C87
		s__BASE	0E5A
		s__LIT	0FFD
		s__GSINIT	0FFD
		s__GSINITTAIL	106F
		s__GSFINAL	1070
		.OAM	C000
		s__DATA	C0A0
		s__BSS	C0BD
		s__HEAP	C119
		s__BSEG	C119
		s__ISEG	C119
		s__XSEG	C119
		s__OVERLAY	C119
		.STACK	E000
		.refresh_OAM	FF80
AREA _CODE
	RADIX HEX
	BASE 0200
	SIZE 0A87
	ATTRIB REL CON
	GLOBALS
		_render_background	0200
		_alpha	021F
		_blank_screen	051F
		_numbers	0687
		_goop_sprite_data	0691
		_FRAME_RATE	06D1
		_INITIAL_LIVES	06D3
		_goop_sprites	06D5
		_goop_speed	06D9
		_set_goop	06DB
		_input	07D0
		_physics	08B4
		_collide	08FF
		_move	0900
		_score	093E
		_render_score	093F
		_state_game_init	0A74
		_state_game_restart	0A9A
		_run	0AC5
		_main	0B64
		__divschar_rrx_s	0B85
		__divschar_rrx_hds	0B8C
		__modschar_rrx_s	0B93
		__modschar_rrx_hds	0B9A
		__divsint_rrx_s	0B9F
		__divsint_rrx_hds	0BAB
		__modsint_rrx_s	0BB3
		__modsint_rrx_hds	0BBF
		__divuchar_rrx_s	0BC5
		__divuchar_rrx_hds	0BCC
		__moduchar_rrx_s	0BD3
		__moduchar_rrx_hds	0BDA
		__divuint_rrx_s	0BDF
		__divuint_rrx_hds	0BEB
		__moduint_rrx_s	0BF3
		__moduint_rrx_hds	0BFF
		.mod8	0C05
		.div8	0C05
		.mod16	0C0D
		.div16	0C0D
		.modu8	0C47
		.divu8	0C47
		.modu16	0C4A
		.divu16	0C4A
AREA _HEADER
	RADIX HEX
	BASE 0000
	SIZE 01E1
	ATTRIB ABS OVR
	GLOBALS
		_exit	01D2
AREA _HOME
	RADIX HEX
	BASE 0C87
	SIZE 01D3
	ATTRIB REL CON
	GLOBALS
		.set_mode	0C87
		.remove_VBL	0C97
		.remove_LCD	0C9D
		.remove_TIM	0CA3
		.remove_SIO	0CA9
		.remove_JOY	0CAF
		.add_VBL	0CB5
		.add_LCD	0CBB
		.add_TIM	0CC1
		.add_SIO	0CC7
		.add_JOY	0CCD
		.remove_int	0CD3
		.add_int	0CF3
		.wait_vbl_done	0D0F
		_wait_vbl_done	0D0F
		_display_off	0D26
		.display_off	0D26
		.serial_IO	0D47
		_mode	0D76
		_get_mode	0D7F
		_enable_interrupts	0D84
		_disable_interrupts	0D86
		_reset	0D88
		.reset	0D88
		_set_interrupts	0D8E
		_remove_VBL	0D99
		_remove_LCD	0DA4
		_remove_TIM	0DAF
		_remove_SIO	0DBA
		_remove_JOY	0DC5
		_add_VBL	0DD0
		_add_LCD	0DDB
		_add_TIM	0DE6
		_add_SIO	0DF1
		_add_JOY	0DFC
		_clock	0E07
		__printTStates	0E10
		banked_call	0E11
		banked_ret	0E2A
		__initrleblock	0E33
AREA _BASE
	RADIX HEX
	BASE 0E5A
	SIZE 01A3
	ATTRIB REL CON
	GLOBALS
		.mv_sprite	0E5A
		_move_sprite	0E69
		_set_win_data	0E76
		_set_bkg_data	0E76
		_set_sprite_data	0EC3
		.padup	0EF2
		_waitpadup	0EF2
		.jpad	0F02
		.wait_pad	0F2F
		_joypad	0F36
		_waitpad	0F3B
		.set_sprite_tile	0F45
		_set_sprite_tile	0F52
		.copy_vram	0F5D
		_get_data	0F6C
		_set_data	0F6C
		_set_bkg_tiles	0F7F
		.set_xy_wtt	0F93
		.set_xy_btt	0FA4
		.set_xy_tt	0FB3
		_set_tiles	0FE4
AREA _LIT
	RADIX HEX
	BASE 0FFD
	SIZE 0000
	ATTRIB REL CON
AREA _GSINIT
	RADIX HEX
	BASE 0FFD
	SIZE 0072
	ATTRIB REL CON
	GLOBALS
		gsinit	0FFD
AREA _GSINITTAIL
	RADIX HEX
	BASE 106F
	SIZE 0001
	ATTRIB REL CON
AREA _GSFINAL
	RADIX HEX
	BASE 1070
	SIZE 0000
	ATTRIB REL CON
AREA _DATA
	RADIX HEX
	BASE C0A0
	SIZE 001D
	ATTRIB REL CON
	GLOBALS
		_SCREEN_WIDTH	C0A0
		_SCREEN_HEIGHT	C0A2
		_SPRITE_SIZE	C0A4
		_key	C0A6
		_lives	C0A7
		_game_started	C0A9
		_game_over	C0AB
		_current_level	C0AD
		_game_score	C0AF
		_game_score_array	C0B1
		_frames	C0B5
		_seconds	C0B7
		_goop_coords	C0B9
		_goop_vel	C0BB
AREA _BSS
	RADIX HEX
	BASE C0BD
	SIZE 005C
	ATTRIB REL CON
	GLOBALS
		__cpu	C0BD
		.mode	C0BE
		__io_out	C0BF
		__io_in	C0C0
		__io_status	C0C1
		.vbl_done	C0C2
		__current_bank	C0C3
		_sys_time	C0C4
		.sys_time	C0C4
		.int_0x40	C0C6
		.int_0x48	C0D6
		.int_0x50	C0E6
		.int_0x58	C0F6
		.int_0x60	C106
AREA _HEAP
	RADIX HEX
	BASE C119
	SIZE 0000
	ATTRIB REL CON
	GLOBALS
		_malloc_heap_start	C119
AREA _OVERLAY
	RADIX HEX
	BASE C119
	SIZE 0000
	ATTRIB REL CON
AREA _ISEG
	RADIX HEX
	BASE C119
	SIZE 0000
	ATTRIB REL CON
AREA _BSEG
	RADIX HEX
	BASE C119
	SIZE 0000
	ATTRIB REL CON
AREA _XSEG
	RADIX HEX
	BASE C119
	SIZE 0000
	ATTRIB REL CON
MODULES
	FILE /opt/gbdk/lib/small/asxxxx/gb/crt0.o
		NAME Runtime
	FILE goop.o
		NAME lcc70650
LIBRARIES
	LIBRARY /opt/gbdk/lib/small/asxxxx/gbz80/gbz80.lib
		MODULE crt0_rle.o
	LIBRARY /opt/gbdk/lib/small/asxxxx/gbz80/gbz80.lib
		MODULE div.o
	LIBRARY /opt/gbdk/lib/small/asxxxx/gb/gb.lib
		MODULE mv_spr.o
	LIBRARY /opt/gbdk/lib/small/asxxxx/gb/gb.lib
		MODULE set_data.o
	LIBRARY /opt/gbdk/lib/small/asxxxx/gb/gb.lib
		MODULE pad.o
	LIBRARY /opt/gbdk/lib/small/asxxxx/gb/gb.lib
		MODULE set_spr.o
	LIBRARY /opt/gbdk/lib/small/asxxxx/gb/gb.lib
		MODULE cpy_data.o
	LIBRARY /opt/gbdk/lib/small/asxxxx/gb/gb.lib
		MODULE set_bk_t.o
	LIBRARY /opt/gbdk/lib/small/asxxxx/gb/gb.lib
		MODULE set_xy_t.o
USERBASEDEF
	_CODE=0x0200
	_DATA=0xC0A0
	_CODE_1=0x4000
USERGLOBALDEF
	.OAM=0xC000
	.STACK=0xE000
	.refresh_OAM=0xFF80
	.init=0x0000
