AREA .  .ABS.
	RADIX HEX
	BASE 0000
	SIZE 0000
	ATTRIB ABS OVR
	GLOBALS
		l__HEAP	0000
		l__BSEG	0000
		l_.  .ABS.	0000
		l__GSFINAL	0000
		l__ISEG	0000
		s_.  .ABS.	0000
		s__HEADER	0000
		l__XSEG	0000
		.init	0000
		l__OVERLAY	0000
		l__LIT	0000
		l__GSINITTAIL	0001
		l__DATA	001D
		l__BSS	0059
		l__GSINIT	0076
		l__BASE	01A3
		l__HOME	01D3
		l__HEADER	01E1
		s__CODE	0200
		l__CODE	0978
		s__HOME	0B78
		s__BASE	0D4B
		s__LIT	0EEE
		s__GSINIT	0EEE
		s__GSINITTAIL	0F64
		s__GSFINAL	0F65
		.OAM	C000
		s__DATA	C0A0
		s__BSS	C0BD
		s__HEAP	C116
		s__BSEG	C116
		s__ISEG	C116
		s__XSEG	C116
		s__OVERLAY	C116
		.STACK	E000
		.refresh_OAM	FF80
AREA _CODE
	RADIX HEX
	BASE 0200
	SIZE 0978
	ATTRIB REL CON
	GLOBALS
		_render_background	0200
		_alpha	021F
		_blank_screen	051F
		_numbers	0687
		_goop_sprite_data	0691
		_FRAME_RATE	06D1
		_INITIAL_LIVES	06D3
		_disable_momentum	06D5
		_goop_sprites	06D7
		_goop_speed	06DB
		_set_goop	06DD
		_input	07D3
		_physics	08B1
		_collide	0939
		_move	0A0F
		_state_game_init	0A98
		_run	0ABE
		_main	0B57
AREA _HEADER
	RADIX HEX
	BASE 0000
	SIZE 01E1
	ATTRIB ABS OVR
	GLOBALS
		_exit	01D2
AREA _HOME
	RADIX HEX
	BASE 0B78
	SIZE 01D3
	ATTRIB REL CON
	GLOBALS
		.set_mode	0B78
		.remove_VBL	0B88
		.remove_LCD	0B8E
		.remove_TIM	0B94
		.remove_SIO	0B9A
		.remove_JOY	0BA0
		.add_VBL	0BA6
		.add_LCD	0BAC
		.add_TIM	0BB2
		.add_SIO	0BB8
		.add_JOY	0BBE
		.remove_int	0BC4
		.add_int	0BE4
		.wait_vbl_done	0C00
		_wait_vbl_done	0C00
		_display_off	0C17
		.display_off	0C17
		.serial_IO	0C38
		_mode	0C67
		_get_mode	0C70
		_enable_interrupts	0C75
		_disable_interrupts	0C77
		_reset	0C79
		.reset	0C79
		_set_interrupts	0C7F
		_remove_VBL	0C8A
		_remove_LCD	0C95
		_remove_TIM	0CA0
		_remove_SIO	0CAB
		_remove_JOY	0CB6
		_add_VBL	0CC1
		_add_LCD	0CCC
		_add_TIM	0CD7
		_add_SIO	0CE2
		_add_JOY	0CED
		_clock	0CF8
		__printTStates	0D01
		banked_call	0D02
		banked_ret	0D1B
		__initrleblock	0D24
AREA _BASE
	RADIX HEX
	BASE 0D4B
	SIZE 01A3
	ATTRIB REL CON
	GLOBALS
		.mv_sprite	0D4B
		_move_sprite	0D5A
		_set_win_data	0D67
		_set_bkg_data	0D67
		_set_sprite_data	0DB4
		.padup	0DE3
		_waitpadup	0DE3
		.jpad	0DF3
		.wait_pad	0E20
		_joypad	0E27
		_waitpad	0E2C
		.set_sprite_tile	0E36
		_set_sprite_tile	0E43
		.copy_vram	0E4E
		_get_data	0E5D
		_set_data	0E5D
		_set_bkg_tiles	0E70
		.set_xy_wtt	0E84
		.set_xy_btt	0E95
		.set_xy_tt	0EA4
		_set_tiles	0ED5
AREA _LIT
	RADIX HEX
	BASE 0EEE
	SIZE 0000
	ATTRIB REL CON
AREA _GSINIT
	RADIX HEX
	BASE 0EEE
	SIZE 0076
	ATTRIB REL CON
	GLOBALS
		gsinit	0EEE
AREA _GSINITTAIL
	RADIX HEX
	BASE 0F64
	SIZE 0001
	ATTRIB REL CON
AREA _GSFINAL
	RADIX HEX
	BASE 0F65
	SIZE 0000
	ATTRIB REL CON
AREA _DATA
	RADIX HEX
	BASE C0A0
	SIZE 001D
	ATTRIB REL CON
	GLOBALS
		_SCREEN_WIDTH	C0A0
		_SCREEN_HEIGHT	C0A2
		_SPRITE_SIZE	C0A4
		_key	C0A6
		_lives	C0A7
		_game_started	C0A9
		_game_over	C0AB
		_frames	C0AD
		_seconds	C0AF
		_left_wall_occupied	C0B1
		_right_wall_occupied	C0B3
		_top_wall_occupied	C0B5
		_bottom_wall_occupied	C0B7
		_goop_coords	C0B9
		_goop_vel	C0BB
AREA _BSS
	RADIX HEX
	BASE C0BD
	SIZE 0059
	ATTRIB REL CON
	GLOBALS
		__cpu	C0BD
		.mode	C0BE
		__io_out	C0BF
		__io_in	C0C0
		__io_status	C0C1
		.vbl_done	C0C2
		__current_bank	C0C3
		_sys_time	C0C4
		.sys_time	C0C4
		.int_0x40	C0C6
		.int_0x48	C0D6
		.int_0x50	C0E6
		.int_0x58	C0F6
		.int_0x60	C106
AREA _HEAP
	RADIX HEX
	BASE C116
	SIZE 0000
	ATTRIB REL CON
	GLOBALS
		_malloc_heap_start	C116
AREA _OVERLAY
	RADIX HEX
	BASE C116
	SIZE 0000
	ATTRIB REL CON
AREA _ISEG
	RADIX HEX
	BASE C116
	SIZE 0000
	ATTRIB REL CON
AREA _BSEG
	RADIX HEX
	BASE C116
	SIZE 0000
	ATTRIB REL CON
AREA _XSEG
	RADIX HEX
	BASE C116
	SIZE 0000
	ATTRIB REL CON
MODULES
	FILE /opt/gbdk/lib/small/asxxxx/gb/crt0.o
		NAME Runtime
	FILE goop.o
		NAME lcc92060
LIBRARIES
	LIBRARY /opt/gbdk/lib/small/asxxxx/gbz80/gbz80.lib
		MODULE crt0_rle.o
	LIBRARY /opt/gbdk/lib/small/asxxxx/gb/gb.lib
		MODULE mv_spr.o
	LIBRARY /opt/gbdk/lib/small/asxxxx/gb/gb.lib
		MODULE set_data.o
	LIBRARY /opt/gbdk/lib/small/asxxxx/gb/gb.lib
		MODULE pad.o
	LIBRARY /opt/gbdk/lib/small/asxxxx/gb/gb.lib
		MODULE set_spr.o
	LIBRARY /opt/gbdk/lib/small/asxxxx/gb/gb.lib
		MODULE cpy_data.o
	LIBRARY /opt/gbdk/lib/small/asxxxx/gb/gb.lib
		MODULE set_bk_t.o
	LIBRARY /opt/gbdk/lib/small/asxxxx/gb/gb.lib
		MODULE set_xy_t.o
USERBASEDEF
	_CODE=0x0200
	_DATA=0xC0A0
	_CODE_1=0x4000
USERGLOBALDEF
	.OAM=0xC000
	.STACK=0xE000
	.refresh_OAM=0xFF80
	.init=0x0000
