AREA .  .ABS.
	RADIX HEX
	BASE 0000
	SIZE 0000
	ATTRIB ABS OVR
	GLOBALS
		l__HEAP	0000
		l__BSEG	0000
		l_.  .ABS.	0000
		l__GSFINAL	0000
		l__ISEG	0000
		s_.  .ABS.	0000
		s__HEADER	0000
		l__XSEG	0000
		.init	0000
		l__OVERLAY	0000
		l__LIT	0000
		l__GSINITTAIL	0001
		l__DATA	0015
		l__GSINIT	0032
		l__BSS	0059
		l__BASE	0125
		l__HOME	01AC
		l__HEADER	01E1
		s__CODE	0200
		l__CODE	075B
		s__HOME	095B
		s__BASE	0B07
		s__LIT	0C2C
		s__GSINIT	0C2C
		s__GSINITTAIL	0C5E
		s__GSFINAL	0C5F
		.OAM	C000
		s__DATA	C0A0
		s__BSS	C0B5
		s__HEAP	C10E
		s__BSEG	C10E
		s__ISEG	C10E
		s__XSEG	C10E
		s__OVERLAY	C10E
		.STACK	E000
		.refresh_OAM	FF80
AREA _CODE
	RADIX HEX
	BASE 0200
	SIZE 075B
	ATTRIB REL CON
	GLOBALS
		_set_paddle	0200
		_paddle_sprite_data	028C
		_ball_sprite_data	02CC
		_smile_sprite_data	030C
		_death_sprite_data	034C
		_block_sprite_data	038C
		_INITIAL_LIVES	03CC
		_paddle_sprite_left	03CE
		_paddle_sprite_right	03D0
		_paddle_speed	03D2
		_ball_sprite_left	03D4
		_ball_sprite_right	03D6
		_lives_sprite_begin	03D8
		_set_ball	03DA
		_set_lives	0489
		_input	0654
		_physics	070F
		_collide	073F
		_move	0868
		_score	08C5
		_run	08EA
		_main	0928
AREA _HEADER
	RADIX HEX
	BASE 0000
	SIZE 01E1
	ATTRIB ABS OVR
	GLOBALS
		_exit	01D2
AREA _HOME
	RADIX HEX
	BASE 095B
	SIZE 01AC
	ATTRIB REL CON
	GLOBALS
		.set_mode	095B
		.remove_VBL	096B
		.remove_LCD	0971
		.remove_TIM	0977
		.remove_SIO	097D
		.remove_JOY	0983
		.add_VBL	0989
		.add_LCD	098F
		.add_TIM	0995
		.add_SIO	099B
		.add_JOY	09A1
		.remove_int	09A7
		.add_int	09C7
		.wait_vbl_done	09E3
		_wait_vbl_done	09E3
		_display_off	09FA
		.display_off	09FA
		.serial_IO	0A1B
		_mode	0A4A
		_get_mode	0A53
		_enable_interrupts	0A58
		_disable_interrupts	0A5A
		_reset	0A5C
		.reset	0A5C
		_set_interrupts	0A62
		_remove_VBL	0A6D
		_remove_LCD	0A78
		_remove_TIM	0A83
		_remove_SIO	0A8E
		_remove_JOY	0A99
		_add_VBL	0AA4
		_add_LCD	0AAF
		_add_TIM	0ABA
		_add_SIO	0AC5
		_add_JOY	0AD0
		_clock	0ADB
		__printTStates	0AE4
		banked_call	0AE5
		banked_ret	0AFE
AREA _BASE
	RADIX HEX
	BASE 0B07
	SIZE 0125
	ATTRIB REL CON
	GLOBALS
		.mv_sprite	0B07
		_move_sprite	0B16
		_set_win_data	0B23
		_set_bkg_data	0B23
		_set_sprite_data	0B70
		.padup	0B9F
		_waitpadup	0B9F
		.jpad	0BAF
		.wait_pad	0BDC
		_joypad	0BE3
		_waitpad	0BE8
		.set_sprite_tile	0BF2
		_set_sprite_tile	0BFF
		.copy_vram	0C0A
		_get_data	0C19
		_set_data	0C19
AREA _LIT
	RADIX HEX
	BASE 0C2C
	SIZE 0000
	ATTRIB REL CON
AREA _GSINIT
	RADIX HEX
	BASE 0C2C
	SIZE 0032
	ATTRIB REL CON
	GLOBALS
		gsinit	0C2C
AREA _GSINITTAIL
	RADIX HEX
	BASE 0C5E
	SIZE 0001
	ATTRIB REL CON
AREA _GSFINAL
	RADIX HEX
	BASE 0C5F
	SIZE 0000
	ATTRIB REL CON
AREA _DATA
	RADIX HEX
	BASE C0A0
	SIZE 0015
	ATTRIB REL CON
	GLOBALS
		_SCREEN_WIDTH	C0A0
		_SCREEN_HEIGHT	C0A2
		_SPRITE_SIZE	C0A4
		_key	C0A6
		_lives	C0A7
		_game_started	C0A9
		_game_over	C0AB
		_paddle_x	C0AD
		_paddle_y	C0AE
		_paddle_vel_x	C0AF
		_paddle_vel_y	C0B0
		_ball_x	C0B1
		_ball_y	C0B2
		_ball_vel_x	C0B3
		_ball_vel_y	C0B4
AREA _BSS
	RADIX HEX
	BASE C0B5
	SIZE 0059
	ATTRIB REL CON
	GLOBALS
		__cpu	C0B5
		.mode	C0B6
		__io_out	C0B7
		__io_in	C0B8
		__io_status	C0B9
		.vbl_done	C0BA
		__current_bank	C0BB
		_sys_time	C0BC
		.sys_time	C0BC
		.int_0x40	C0BE
		.int_0x48	C0CE
		.int_0x50	C0DE
		.int_0x58	C0EE
		.int_0x60	C0FE
AREA _HEAP
	RADIX HEX
	BASE C10E
	SIZE 0000
	ATTRIB REL CON
	GLOBALS
		_malloc_heap_start	C10E
AREA _OVERLAY
	RADIX HEX
	BASE C10E
	SIZE 0000
	ATTRIB REL CON
AREA _ISEG
	RADIX HEX
	BASE C10E
	SIZE 0000
	ATTRIB REL CON
AREA _BSEG
	RADIX HEX
	BASE C10E
	SIZE 0000
	ATTRIB REL CON
AREA _XSEG
	RADIX HEX
	BASE C10E
	SIZE 0000
	ATTRIB REL CON
MODULES
	FILE /opt/gbdk/lib/small/asxxxx/gb/crt0.o
		NAME Runtime
	FILE pongone.o
		NAME lcc133230
LIBRARIES
	LIBRARY /opt/gbdk/lib/small/asxxxx/gb/gb.lib
		MODULE mv_spr.o
	LIBRARY /opt/gbdk/lib/small/asxxxx/gb/gb.lib
		MODULE set_data.o
	LIBRARY /opt/gbdk/lib/small/asxxxx/gb/gb.lib
		MODULE pad.o
	LIBRARY /opt/gbdk/lib/small/asxxxx/gb/gb.lib
		MODULE set_spr.o
	LIBRARY /opt/gbdk/lib/small/asxxxx/gb/gb.lib
		MODULE cpy_data.o
USERBASEDEF
	_CODE=0x0200
	_DATA=0xC0A0
	_CODE_1=0x4000
USERGLOBALDEF
	.OAM=0xC000
	.STACK=0xE000
	.refresh_OAM=0xFF80
	.init=0x0000
